border_size=1
usage=map

Gs^Fp       , Gs^Fp       , Rd          , Rd          , Rd          , Gs^Fp       , Gs^Fp       , Gs^Fp       , Gs^Fp       , Gs^Fp       , Gs^Fp       , Gs^Fp       , Gs^Fp       , Gs^Fp       , Gs^Fp       , Gs^Fp       , Gs^Fp       , Gs^Fp       , Gs^Fp       , Gs^Fp       , Gs^Fp       , Gs^Fp       , Gs^Fp       , Gs^Fp       , Gs^Fp       , Gs^Fp       , Gs^Fp       , Hd          , Md          , Md          , Md          , Md          
Gs^Fp       , Gs^Fp       , Rd          , Rd          , Rd          , Gs^Fp       , Gs^Fp       , Gs^Fp       , Gs^Fp       , Gs^Fp       , Gs^Fp       , Gs^Fp       , Gs^Fp       , Gs^Fp       , Gs^Fp       , Gs^Fp       , Gs^Fp       , Gs^Fp       , Gs^Fp       , Gs^Fp       , Gs^Fp       , Gs^Fp       , Gs^Fp       , Gs^Fp       , Gs^Fp       , Gs^Fp       , Gs^Fp       , Hd          , Md          , Md          , Md          , Md          
Gs^Fp       , Gs^Fp       , Rd          , Rd          , Rd          , Rd          , Gs^Fp       , Gs^Fp       , Gg^Ve       , Gs^Fp       , Gs^Fp       , Gs^Fp       , Gs^Fp       , Gs^Fp       , Gs^Fp       , Gs^Fp       , Chr         , Gs^Fp       , Gs^Fp       , Gs^Fp       , Gg^Fet      , Gs^Fp       , Gs^Fp       , Gs^Fp       , Gg^Ve       , Gs^Fp       , Gs^Fp       , Mm          , Hd          , Md          , Md          , Md          
Gs^Fp       , Gs^Fp       , Rd          , Rd          , Rd          , Rd          , Gs^Fp       , Gs^Fp       , Gs^Fp       , Gs^Fp       , Gs^Fp       , Gg^Ve       , Gs^Fp       , Gs^Fp       , Gs^Fp       , Chr         , 3 Kh        , Chr         , Gs^Fp       , Gs^Fp       , Gs^Fp       , Gs^Fp       , Gs^Fp       , Gs^Fp       , Gs^Fp       , Gs^Fp       , Gs^Fp       , Gs^Fp       , Hd          , Md          , Md          , Md          
Gs^Fp       , Gs^Fp       , Rd          , Rd          , Rd          , Rd          , Rd          , Gs^Fp       , Gs^Fp       , Gs^Fp       , Gs^Fp       , Gs^Fp       , Gs^Fp       , Gs^Fp       , Gs^Fp       , Chr         , Chr         , Chr         , Gs^Fp       , Gs^Fp       , Gs^Fp       , Gs^Fp       , Gs^Fp       , Gs^Fp       , Gs^Fp       , Gs^Fp       , Gs^Fp       , Gs^Fp       , Hd          , Md          , Md          , Md          
Gs^Fp       , Gs^Fp       , Gs^Fp       , Rd          , Rd          , Rd          , Rd          , Gs^Fp       , Gs^Fp       , Gg^Fet      , Gs^Fp       , Gs^Fp       , Gs^Fp       , Gs^Fp       , Gs^Fp       , Gs^Fp       , Gs^Fp       , Gs^Fp       , Gs^Fp       , Gs^Fp       , Hh^Vhh      , Gs^Fp       , Gs^Fp       , Gs^Fp       , Gs^Fp       , Gg^Fet      , Gs^Fp       , Gs^Fp       , Hd          , Hd          , Md          , Md          
Gs^Fp       , Gs^Fp       , Gs^Fp       , Gs^Fp       , Rd          , Rd          , Rd          , Rd          , Rd          , Gs^Fp       , Gs^Fp       , Gg^Ve       , Gs^Fp       , Gs^Fp       , Gs^Fp       , Gs^Fp       , Gs^Fp       , Gs^Fp       , Gs^Fp       , Gs^Fp       , Gs^Fp       , Gs^Fp       , Gs^Fp       , Gs^Fp       , Gs^Fp       , Gs^Fp       , Gs^Fp       , Gs^Fp       , Mm          , Mm          , Md          , Md          
Gs^Fp       , Gs^Fp       , Gg^Fet      , Gs^Fp       , Gs^Fp       , Rd          , Rd          , Rd          , Rd          , Gs^Fp       , Gs^Fp       , Gs^Fp       , Gs^Fp       , Gs^Fp       , Gs^Fp       , Gs^Fp       , Gs^Fp       , Gs^Fp       , Hd          , Gs^Fp       , Gs^Fp       , Gs^Fp       , Gs^Fp       , Gs^Fp       , Gg^Ve       , Gs^Fp       , Gs^Fp       , Hd          , Md          , Mm          , Md          , Md          
Gs^Fp       , Gs^Fp       , Gs^Fp       , Gs^Fp       , Gs^Fp       , Gs^Fp       , Gs^Fp       , Rd          , Rd          , Rd          , Gs^Fp       , Gs^Fp       , Gs^Fp       , Gs^Fp       , Hh^Fds      , Gs^Fp       , Hh          , Hd          , Hh          , Hd          , Hd          , Gs^Fp       , Gs^Fp       , Gs^Fp       , Gs^Fp       , Gs^Fp       , Gs^Fp       , Mm          , Mm          , Mm          , Md          , Md          
Gs^Fp       , Gs^Fp       , Gs^Fp       , Gs^Fp       , Gs^Fp       , Gs^Fp       , Gs^Fp       , Rd          , Rd          , Rd          , Rd          , Gs^Fp       , Hh^Fds      , Hh          , Hh          , Hh          , Hh          , Hh          , Hh          , Hh          , Hd          , Gs^Fp       , Gs^Fp       , Gs^Fp       , Gs^Fp       , Gs^Fp       , Gs^Fp       , Hd          , Md          , Mm          , Mm          , Mm          
Gs^Fp       , Gs^Fp       , Gg^Ve       , Gs^Fp       , Gs^Fp       , Gs^Fp       , Gs^Fp       , Rd          , Rd          , Rd          , Rd          , Rd          , Rd          , Hh          , Rd          , Hh          , Hh          , Hh          , Hh          , Hh          , Hd          , Gs^Fp       , Gs^Fp       , Gs^Fp       , Gs^Fp       , Gs^Fp       , Hd          , Hd          , Md          , Md          , Md          , Md          
Gs^Fp       , Gs^Fp       , Gs^Fp       , Gs^Fp       , Gs^Fp       , Gs^Fp       , Gs^Fp       , Gs^Fp       , Gs^Fp       , Rd          , Rd          , Rd          , Rd          , Rd          , Rd          , Hh          , Hh          , Hh^Fds      , Hh^Fds      , Hh          , Hd          , Gs^Fp       , Gs^Fp       , Gs^Fp       , Gs^Fp       , Gs^Fp       , Hd          , Md          , Hd          , Md          , Md          , Md          
Gs^Fp       , Gs^Fp       , Gs^Fp       , Gs^Fp       , Gs^Fp       , Gs^Fp       , Hh^Fp       , Hh          , Hh^Fp       , Hh          , Hd          , Rd          , Rd          , Rd          , Rd          , Rd          , Hh          , Hh^Fds      , Hh          , Hh          , Hh          , Hd          , Hd          , Gs^Fp       , Hh          , Hh^Fds      , Hh          , Hd          , Chr         , Hd          , Hd          , Md          
Gs^Fp       , Gs^Fp       , Gs^Fp       , Gs^Fp       , Gs^Fp       , Gs^Fp       , Hh^Fp       , Hh^Vhh      , Hh          , Hh^Fp       , Hd          , Hd          , Hd          , Rd          , Rd          , Rd          , Rd          , Hh          , Hh^Vhh      , Hh          , Hh          , Hh          , Hh          , Hh          , Hh          , Hh          , Hh          , Chr         , 4 Kh        , Chr         , Hd          , Md          
Gs^Fp       , Gs^Fp       , Gg^Fet      , Gs^Fp       , Gs^Fp       , Gs^Fp       , Gs^Fp       , Hh^Fp       , Hh          , Hd          , Md          , Md          , Hd          , Rd          , Rd          , Rd          , Rd          , Hh          , Hh          , Hh          , Hh^Fds      , Hh          , Hh          , Mm^Vhh      , Hh          , Hh          , Hh          , Chr         , Chr         , Chr         , Hd          , Md          
Gs^Fp       , Gs^Fp       , Gs^Fp       , Gs^Fp       , Gs^Fp       , Gs^Fp       , Gs^Fp       , Hd          , Hd          , Hd          , Md          , Md          , Md          , Hd          , Rd          , Rd          , Rd          , Hh          , Hh          , Hh          , Hh          , Hh          , Hh          , Hh          , Hh          , Hh          , Hh          , Hh          , Hd          , Hd          , Hd          , Md          
Gs^Fp       , Gs^Fp       , Gs^Fp       , Gs^Fp       , Gg^Ve       , Gs^Fp       , Gs^Fp       , Hd          , Hd          , Md          , Hd          , Md          , Md          , Hd          , Rd          , Rd          , Rd          , Hd          , Hd          , Hh          , Hh          , Hh^Fds      , Hh          , Hh          , Hh          , Hh^Fds      , Hh          , Hh          , Hd          , Mm          , Md          , Hd          
Gs^Fp       , Gs^Fp       , Gs^Fp       , Gs^Fp       , Gs^Fp       , Gs^Fp       , Hd          , Hh^Fms      , Hh          , Hd          , Hh          , Hd          , Hd          , Hd          , Rd          , Rd          , Rd          , Hd          , Md          , Hd          , Hd          , Hh          , Hh          , Hh          , Hh          , Hh          , Hh          , Hh          , Hd          , Hd          , Hd          , Hd          
Gs^Fp       , Gs^Fp       , Md          , Hd          , Md          , Hd          , Hd          , Hd          , Hh          , Hh          , Hh          , Hh          , Rd          , Rd          , Rd          , Rd          , Hd          , Hd          , Hh          , Hd          , Md          , Hd          , Hd          , Hd          , Hd          , Hd          , Hd          , Mm^Vhh      , Hh          , Hh          , Hh          , Hh          
Hd^Fds      , Hd          , Chr         , Hd          , Hh          , Hh^Fms      , Hh          , Hh          , Hh          , Hh          , Hh          , Hh          , Rd          , Rd          , Rd          , Rd          , Hh          , Hd          , Hh          , Hd          , Md          , Md          , Md          , Md          , Hd          , Md          , Hd          , Hh          , Hh          , Hh          , Hh          , Hh          
Chr         , Chr         , 5 Kh        , Chr         , Hh          , Hh          , Hh          , Hh          , Hh^Vhh      , Hh          , Hh          , Rd          , Rd          , Rd          , Hh          , Hd          , Hd          , Hd          , Hd          , Hd          , Md          , Md          , Hd          , Hd          , Hh          , Hd          , Hh          , Hh          , Hh          , Hh          , Hh          , Hh          
Chr         , Chr         , Chr         , Chr         , Hh          , Hh          , Hh          , Hh          , Hh          , Hh          , Rd          , Rd          , Rd          , Hd          , Hd          , Hh          , Hd          , Md          , Md          , Md          , Hd          , Hd          , Hh          , Hh          , Hh          , Hh          , Hh          , Hh          , Hh          , Hh          , Hh          , Hh          
Hh          , Hh          , Hh          , Hh          , Hh          , Hh          , Hh          , Hh          , Hh          , Rd          , Rd          , Rd          , Hd          , Hd          , Md          , Hd          , Md          , Md          , Md          , Hd          , Hh          , Hh          , Hh          , Hh          , Hh          , Hh^Fms      , Hh          , Hh          , Hd          , Hh          , Uu^Vu       , Uu          
Hh          , Hh          , Hh          , Hh          , Hh          , Hh          , Hh          , Hh          , Rd          , Rd          , Rd          , Rd          , Rd          , Hd          , Hd          , Md          , Md          , Md          , Hd          , Hd          , Mm^Vhh      , Hh          , Hh          , Hh          , Hd          , Hh          , Hh          , Hh          , Hd          , Mm          , Mm          , Mm          
Hh          , Hh          , Hh          , Hh          , Hh^Vhh      , Hh          , Hh          , Hh          , Hh          , Rd          , Rd          , Rd          , Rd          , Rd          , Hd          , Md          , Md          , Md          , Hd          , Hh          , Hh          , Hh          , Hd          , Hd          , Md          , Hd          , Hd          , Hd          , Md          , Md          , Md          , Md          
Hh          , Hh          , Hh          , Hh          , Hh          , Hh          , Hh          , Hh          , Mm^Vhh      , Hh          , Hh          , Rd          , Rd          , Rd          , Hd          , Md          , Md          , Md          , Hd          , Hh          , Hh^Fms      , Hh          , Hd          , Md          , Md          , Md          , Mm          , Md          , Md          , Md          , Md          , Md          
Hh^Fdf      , Hh          , Hh          , Hh          , Hh          , Hh          , Hh          , Hh          , Hh          , Hh          , Hh          , Rd          , Rd          , Rd          , Hd          , Hd          , Hd          , Md          , Hd          , Hh          , Hh          , Hh^Fms      , Hd          , Md          , Md          , Mm^Vhh      , Md          , Mm          , Mm          , Mm          , Mm          , Mm          
Mm          , Mm          , Mm          , Hh          , Hh          , Hh          , Hh          , Mm          , Mm          , Hd          , Hd          , Rd          , Rd          , Rd          , Hd          , Hh^Fms      , Hh^Fms      , Hd          , Rd          , Rd          , Rd          , Hh^Fms      , Hh          , Hd^Fdf      , Md          , Md          , Md          , Md          , Mm          , Mm          , Mm          , Mm          
Md          , Md          , Hd          , Hd          , Hh          , Hh          , Hh          , Hh          , Hd          , Md          , Hd          , Rd          , Rd          , Rd          , Md          , Md          , Rd          , Rd          , Rd          , Rd          , Rd          , Rd          , Hh          , Hd          , Md          , Md          , Hd          , Hd^Fdf      , Rd          , Mm          , Rd          , Rd          
Md          , Hd^Fdf      , Hd          , Hd          , Hd          , Hh          , Hh          , Hh          , Hh          , Hd          , Hd          , Rd          , Rd          , Rd          , Md          , Hd^Fet      , Rd          , Rd          , Rd          , Rd          , Rd          , Rd          , Rd          , Hd^Fdf      , Hd^Fdf      , Hd^Fdf      , Ce          , Ce          , Ce          , Rd          , 2 Rd        , Rd          
Md          , Md          , Md          , Md          , Hd          , Hh          , Hh          , Hh          , Hh          , Hd          , Hd          , Rd          , Rd          , Rd          , Rd          , Rd          , Rd          , Rd          , Hd          , Hd          , Rd          , Rd          , Rd          , Rd          , Rd          , Rd          , Ce          , 1 Ke        , Ce          , Rd          , Rd          , Rd          
Md          , Md          , Md          , Md          , Md          , Hd          , Hh          , Hh^Vhh      , Hh          , Hd          , Hd          , Rd          , Rd          , Rd          , Rd          , Rd          , Rd          , Rd          , Hd          , Hd          , Hd          , Rd          , Rd          , Rd          , Rd          , Rd          , Rd          , Ce          , Hd          , Rd          , Mm          , Mm          
Md          , Md          , Hd          , Hd          , Md          , Hd          , Hd          , Hh          , Hh          , Hh^Fdf      , Hd          , Hd          , Hd          , Rd          , Rd          , Rd          , Hd          , Hd          , Hd^Fdf      , Md          , Hd          , Rd          , Rd          , Rd          , Rd          , Rd          , Hd          , Hd          , Hd^Fdf      , Mm          , Mm          , Mm          
Md          , Md          , Hd          , Hh          , Hd          , Md          , Md          , Hd          , Hd          , Hd          , Md          , Md          , Md          , Hd          , Hd          , Hd          , Md          , Hd^Fdf      , Md          , Md          , Md          , Hd          , Hd          , Hd          , Hd          , Hd          , Mm          , Mm          , Mm          , Mm          , Mm          , Mm          
Md          , Md          , Md          , Hh          , Hd          , Md          , Md          , Md          , Md          , Md          , Md          , Md          , Md          , Md          , Md          , Md          , Mm          , Md          , Md          , Md          , Md          , Md          , Md          , Hd          , Hd^Fdf      , Md          , Mm          , Mm          , Mm          , Mm          , Mm          , Mm          
Md          , Md          , Md          , Hh          , Hd          , Md          , Md          , Md          , Hd          , Hh^Fdf      , Hd          , Md          , Mm          , Mm          , Hd          , Mm          , Hd          , Hd          , Mm          , Mm          , Uu^Vu       , Md          , Md          , Md          , Md          , Md          , Hd^Fdf      , Mm          , Mm          , Uu^Vu       , Mm          , Mm          
Md          , Md          , Mm^Vhh      , Md          , Md          , Md          , Md          , Md          , Hd          , Uu^Vu       , Uu^Vu       , Mm          , Hd          , Hd          , Md          , Hd          , Hd          , Md          , Hd          , Mm          , Mm          , Mm          , Mm          , Md          , Md          , Md          , Md          , Mm          , Mm          , Mm          , Mm          , Mm          
Md          , Md          , Md          , Md          , Md          , Md          , Md          , Md          , Md          , Hd          , Md          , Hd          , Mm          , Md          , Hh^Fdf      , Md          , Hh^Fdf      , Md          , Md          , Hd          , Md          , Mm          , Hd          , Hd          , Md          , Md          , Md          , Md          , Mm          , Mm          , Mm          , Mm          
Md          , Md          , Md          , Md          , Chr         , Chr         , Chr         , Md          , Md          , Md          , Md          , Hd          , Mm          , Hd          , Md          , Hd          , Md          , Md          , Md          , Md          , Mm          , Mm          , Md          , Md          , Md          , Md          , Mm          , Mm          , Mm          , Mm          , Mm          , Mm          
Md          , Md          , Md          , Md          , Chr         , 6 Kh        , Chr         , Md          , Md          , Md          , Md          , Hd          , Hd          , Mm^Vhh      , Hd          , Md          , Md          , Md          , Mm          , Hd          , Hd          , Hd          , Mm          , Mm          , Mm          , Mm          , Mm          , Mm          , Mm          , Mm          , Mm          , Mm          
Md          , Md          , Md          , Md          , Hd          , Chr         , Hd          , Md          , Md          , Md          , Md          , Md          , Md          , Hd          , Md          , Md          , Md          , Hd          , Mm          , Mm          , Mm          , Mm          , Mm          , Mm          , Mm          , Mm          , Mm          , Mm          , Mm          , Mm          , Mm          , Mm          
Md          , Md          , Md          , Md          , Hd          , Chr         , Hd          , Md          , Md          , Md          , Md          , Md          , Md          , Md          , Md          , Md          , Md          , Hd          , Mm          , Mm          , Mm          , Mm          , Mm          , Mm          , Mm          , Mm          , Mm          , Mm          , Mm          , Mm          , Mm          , Mm          
